AR baud_rate_generator behavioral "F:/Mes Documents/GitHub/-ESE-VHDL-UART/UART/baud_rate_generator.vhd" sub00/vhpl05 1554652986
AR uart behavioral "F:/Mes Documents/GitHub/-ESE-VHDL-UART/UART/UART.vhd" sub00/vhpl07 1554652992
AR rx_uart behavioral "F:/Mes Documents/GitHub/-ESE-VHDL-UART/UART/rx_uart.vhd" sub00/vhpl01 1554652990
EN baud_rate_generator NULL "F:/Mes Documents/GitHub/-ESE-VHDL-UART/UART/baud_rate_generator.vhd" sub00/vhpl04 1554652985
EN tx_uart NULL "F:/Mes Documents/GitHub/-ESE-VHDL-UART/UART/tx_uart.vhd" sub00/vhpl02 1554652987
AR tx_uart behavioral "F:/Mes Documents/GitHub/-ESE-VHDL-UART/UART/tx_uart.vhd" sub00/vhpl03 1554652988
EN rx_uart NULL "F:/Mes Documents/GitHub/-ESE-VHDL-UART/UART/rx_uart.vhd" sub00/vhpl00 1554652989
EN uart NULL "F:/Mes Documents/GitHub/-ESE-VHDL-UART/UART/UART.vhd" sub00/vhpl06 1554652991
