V3 16
FL C:/CPE_USERS/-ESE-VHDL-UART-master/UART/rx_uart.vhd 2019/03/26.15:59:20 P.68d
EN work/rx_uart 1553612365 FL C:/CPE_USERS/-ESE-VHDL-UART-master/UART/rx_uart.vhd \
      PB ieee/std_logic_1164 1381692176 PB ieee/NUMERIC_STD 1381692181
AR work/rx_uart/Behavioral 1553612366 \
      FL C:/CPE_USERS/-ESE-VHDL-UART-master/UART/rx_uart.vhd EN work/rx_uart 1553612365
FL C:/CPE_USERS/-ESE-VHDL-UART-master/UART/tx_uart.vhd 2019/03/26.16:51:54 P.68d
FL C:/CPE_USERS/TPelec_4ETI/UART/baud_rate_generator.vhd 2019/03/20.17:06:28 P.68d
EN work/baud_rate_generator 1553704266 \
      FL C:/CPE_USERS/TPelec_4ETI/UART/baud_rate_generator.vhd \
      PB ieee/std_logic_1164 1381692176
AR work/baud_rate_generator/Behavioral 1553704267 \
      FL C:/CPE_USERS/TPelec_4ETI/UART/baud_rate_generator.vhd \
      EN work/baud_rate_generator 1553704266
FL C:/CPE_USERS/TPelec_4ETI/UART/tx_uart.vhd 2019/03/27.17:13:53 P.68d
EN work/tx_uart 1553704268 FL C:/CPE_USERS/TPelec_4ETI/UART/tx_uart.vhd \
      PB ieee/std_logic_1164 1381692176
AR work/tx_uart/Behavioral 1553704269 \
      FL C:/CPE_USERS/TPelec_4ETI/UART/tx_uart.vhd EN work/tx_uart 1553704268
FL C:/CPE_USERS/TPelec_4ETI/UART/UART.vhd 2019/03/27.17:31:02 P.68d
EN work/UART 1553704270 FL C:/CPE_USERS/TPelec_4ETI/UART/UART.vhd \
      PB ieee/std_logic_1164 1381692176
AR work/UART/Behavioral 1553704271 \
      FL C:/CPE_USERS/TPelec_4ETI/UART/UART.vhd EN work/UART 1553704270 \
      CP baud_rate_generator CP tx_uart
FL C:/Users/BEYNARD/Documents/GitHub/-ESE-VHDL-UART/UART/rx_uart.vhd 2019/03/20.17:45:29 P.68d
