V3 21
FL C:/CPE_USERS/-ESE-VHDL-UART-master/UART/rx_uart.vhd 2019/03/26.15:59:20 P.20131013
FL C:/CPE_USERS/-ESE-VHDL-UART-master/UART/tx_uart.vhd 2019/03/26.16:51:54 P.20131013
FL C:/CPE_USERS/TPelec_4ETI/UART/baud_rate_generator.vhd 2019/03/20.17:06:28 P.20131013
FL C:/CPE_USERS/TPelec_4ETI/UART/tx_uart.vhd 2019/03/27.17:13:53 P.20131013
FL C:/CPE_USERS/TPelec_4ETI/UART/UART.vhd 2019/03/27.17:31:02 P.20131013
FL C:/Users/BEYNARD/Documents/GitHub/-ESE-VHDL-UART/UART/rx_uart.vhd 2019/03/20.17:45:29 P.20131013
FL "F:/Mes Documents/GitHub/-ESE-VHDL-UART/UART/baud_rate_generator.vhd" 2019/03/20.18:06:28 P.20131013
EN work/baud_rate_generator 1554652985 \
      FL "F:/Mes Documents/GitHub/-ESE-VHDL-UART/UART/baud_rate_generator.vhd" \
      PB ieee/std_logic_1164 1381692176
AR work/baud_rate_generator/Behavioral 1554652986 \
      FL "F:/Mes Documents/GitHub/-ESE-VHDL-UART/UART/baud_rate_generator.vhd" \
      EN work/baud_rate_generator 1554652985
FL "F:/Mes Documents/GitHub/-ESE-VHDL-UART/UART/rx_uart.vhd" 2019/03/26.16:59:20 P.20131013
EN work/rx_uart 1554652989 \
      FL "F:/Mes Documents/GitHub/-ESE-VHDL-UART/UART/rx_uart.vhd" \
      PB ieee/std_logic_1164 1381692176 PB ieee/NUMERIC_STD 1381692181
AR work/rx_uart/Behavioral 1554652990 \
      FL "F:/Mes Documents/GitHub/-ESE-VHDL-UART/UART/rx_uart.vhd" \
      EN work/rx_uart 1554652989
FL "F:/Mes Documents/GitHub/-ESE-VHDL-UART/UART/tx_uart.vhd" 2019/04/07.17:02:23 P.20131013
EN work/tx_uart 1554652987 \
      FL "F:/Mes Documents/GitHub/-ESE-VHDL-UART/UART/tx_uart.vhd" \
      PB ieee/std_logic_1164 1381692176
AR work/tx_uart/Behavioral 1554652988 \
      FL "F:/Mes Documents/GitHub/-ESE-VHDL-UART/UART/tx_uart.vhd" \
      EN work/tx_uart 1554652987
FL "F:/Mes Documents/GitHub/-ESE-VHDL-UART/UART/UART.vhd" 2019/04/07.17:55:52 P.20131013
EN work/UART 1554652991 FL "F:/Mes Documents/GitHub/-ESE-VHDL-UART/UART/UART.vhd" \
      PB ieee/std_logic_1164 1381692176
AR work/UART/Behavioral 1554652992 \
      FL "F:/Mes Documents/GitHub/-ESE-VHDL-UART/UART/UART.vhd" EN work/UART 1554652991 \
      CP baud_rate_generator CP tx_uart CP rx_uart
