Release 14.6 - xst P.68d (nt64)
Copyright (c) 1995-2013 Xilinx, Inc.  All rights reserved.
--> Parameter TMPDIR set to xst/projnav.tmp


Total REAL time to Xst completion: 0.00 secs
Total CPU time to Xst completion: 0.12 secs
 
--> Parameter xsthdpdir set to xst


Total REAL time to Xst completion: 0.00 secs
Total CPU time to Xst completion: 0.12 secs
 
--> Reading design: baud_rate_generator.prj

TABLE OF CONTENTS
  1) Synthesis Options Summary
  2) HDL Compilation
  3) Design Hierarchy Analysis
  4) HDL Analysis
  5) HDL Synthesis
     5.1) HDL Synthesis Report
  6) Advanced HDL Synthesis
     6.1) Advanced HDL Synthesis Report
  7) Low Level Synthesis
  8) Partition Report
  9) Final Report
	9.1) Device utilization summary
	9.2) Partition Resource Summary
	9.3) TIMING REPORT


=========================================================================
*                      Synthesis Options Summary                        *
=========================================================================
---- Source Parameters
Input File Name                    : "baud_rate_generator.prj"
Input Format                       : mixed
Ignore Synthesis Constraint File   : NO

---- Target Parameters
Output File Name                   : "baud_rate_generator"
Output Format                      : NGC
Target Device                      : xc3s200-4-ft256

---- Source Options
Top Module Name                    : baud_rate_generator
Automatic FSM Extraction           : YES
FSM Encoding Algorithm             : Auto
Safe Implementation                : No
FSM Style                          : LUT
RAM Extraction                     : Yes
RAM Style                          : Auto
ROM Extraction                     : Yes
Mux Style                          : Auto
Decoder Extraction                 : YES
Priority Encoder Extraction        : Yes
Shift Register Extraction          : YES
Logical Shifter Extraction         : YES
XOR Collapsing                     : YES
ROM Style                          : Auto
Mux Extraction                     : Yes
Resource Sharing                   : YES
Asynchronous To Synchronous        : NO
Multiplier Style                   : Auto
Automatic Register Balancing       : No

---- Target Options
Add IO Buffers                     : YES
Global Maximum Fanout              : 100000
Add Generic Clock Buffer(BUFG)     : 8
Register Duplication               : YES
Slice Packing                      : YES
Optimize Instantiated Primitives   : NO
Use Clock Enable                   : Yes
Use Synchronous Set                : Yes
Use Synchronous Reset              : Yes
Pack IO Registers into IOBs        : Auto
Equivalent register Removal        : YES

---- General Options
Optimization Goal                  : Speed
Optimization Effort                : 1
Keep Hierarchy                     : No
Netlist Hierarchy                  : As_Optimized
RTL Output                         : Yes
Global Optimization                : AllClockNets
Read Cores                         : YES
Write Timing Constraints           : NO
Cross Clock Analysis               : NO
Hierarchy Separator                : /
Bus Delimiter                      : <>
Case Specifier                     : Maintain
Slice Utilization Ratio            : 100
BRAM Utilization Ratio             : 100
Verilog 2001                       : YES
Auto BRAM Packing                  : NO
Slice Utilization Ratio Delta      : 5

=========================================================================


=========================================================================
*                          HDL Compilation                              *
=========================================================================
Compiling vhdl file "C:/CPE_USERS/TPelec_4ETI/UART/baud_rate_generator.vhd" in Library work.
Architecture behavioral of Entity baud_rate_generator is up to date.

=========================================================================
*                     Design Hierarchy Analysis                         *
=========================================================================
Analyzing hierarchy for entity <baud_rate_generator> in library <work> (architecture <behavioral>).


=========================================================================
*                            HDL Analysis                               *
=========================================================================
Analyzing Entity <baud_rate_generator> in library <work> (Architecture <behavioral>).
Entity <baud_rate_generator> analyzed. Unit <baud_rate_generator> generated.


=========================================================================
*                           HDL Synthesis                               *
=========================================================================

Performing bidirectional port resolution...

Synthesizing Unit <baud_rate_generator>.
    Related source file is "C:/CPE_USERS/TPelec_4ETI/UART/baud_rate_generator.vhd".
WARNING:Xst:646 - Signal <baud_rate_int> is assigned but never used. This unconnected signal will be trimmed during the optimization process.
    Found 1-bit register for signal <seize_baud_rate_int>.
    Found 16-bit comparator equal for signal <seize_baud_rate_int$cmp_eq0000> created at line 83.
    Found 16-bit up counter for signal <seize_vcount>.
    Found 16-bit comparator equal for signal <seize_vcount$cmp_eq0000> created at line 83.
    Found 16-bit up counter for signal <vcount>.
    Found 16-bit comparator equal for signal <vcount$cmp_eq0000> created at line 76.
    Summary:
	inferred   2 Counter(s).
	inferred   1 D-type flip-flop(s).
	inferred   3 Comparator(s).
Unit <baud_rate_generator> synthesized.


=========================================================================
HDL Synthesis Report

Macro Statistics
# Counters                                             : 1
 16-bit up counter                                     : 1
# Registers                                            : 1
 1-bit register                                        : 1
# Comparators                                          : 2
 16-bit comparator equal                               : 2

=========================================================================

=========================================================================
*                       Advanced HDL Synthesis                          *
=========================================================================


=========================================================================
Advanced HDL Synthesis Report

Macro Statistics
# Counters                                             : 1
 16-bit up counter                                     : 1
# Registers                                            : 1
 Flip-Flops                                            : 1
# Comparators                                          : 2
 16-bit comparator equal                               : 2

=========================================================================

=========================================================================
*                         Low Level Synthesis                           *
=========================================================================

Optimizing unit <baud_rate_generator> ...

Mapping all equations...
Building and optimizing final netlist ...
Found area constraint ratio of 100 (+ 5) on block baud_rate_generator, actual ratio is 0.

Final Macro Processing ...

=========================================================================
Final Register Report

Macro Statistics
# Registers                                            : 17
 Flip-Flops                                            : 17

=========================================================================

=========================================================================
*                           Partition Report                            *
=========================================================================

Partition Implementation Status
-------------------------------

  No Partitions were found in this design.

-------------------------------

=========================================================================
*                            Final Report                               *
=========================================================================
Final Results
RTL Top Level Output File Name     : baud_rate_generator.ngr
Top Level Output File Name         : baud_rate_generator
Output Format                      : NGC
Optimization Goal                  : Speed
Keep Hierarchy                     : No

Design Statistics
# IOs                              : 4

Cell Usage :
# BELS                             : 65
#      GND                         : 1
#      INV                         : 3
#      LUT1                        : 1
#      LUT3                        : 18
#      LUT4                        : 3
#      MUXCY                       : 22
#      VCC                         : 1
#      XORCY                       : 16
# FlipFlops/Latches                : 17
#      FDC                         : 17
# Clock Buffers                    : 1
#      BUFGP                       : 1
# IO Buffers                       : 3
#      IBUF                        : 2
#      OBUF                        : 1
=========================================================================

Device utilization summary:
---------------------------

Selected Device : 3s200ft256-4 

 Number of Slices:                       13  out of   1920     0%  
 Number of Slice Flip Flops:             17  out of   3840     0%  
 Number of 4 input LUTs:                 25  out of   3840     0%  
 Number of IOs:                           4
 Number of bonded IOBs:                   4  out of    173     2%  
 Number of GCLKs:                         1  out of      8    12%  

---------------------------
Partition Resource Summary:
---------------------------

  No Partitions were found in this design.

---------------------------


=========================================================================
TIMING REPORT

NOTE: THESE TIMING NUMBERS ARE ONLY A SYNTHESIS ESTIMATE.
      FOR ACCURATE TIMING INFORMATION PLEASE REFER TO THE TRACE REPORT
      GENERATED AFTER PLACE-and-ROUTE.

Clock Information:
------------------
-----------------------------------+------------------------+-------+
Clock Signal                       | Clock buffer(FF name)  | Load  |
-----------------------------------+------------------------+-------+
clk                                | BUFGP                  | 17    |
-----------------------------------+------------------------+-------+

Asynchronous Control Signals Information:
----------------------------------------
-----------------------------------+------------------------+-------+
Control Signal                     | Buffer(FF name)        | Load  |
-----------------------------------+------------------------+-------+
rst                                | IBUF                   | 17    |
-----------------------------------+------------------------+-------+

Timing Summary:
---------------
Speed Grade: -4

   Minimum period: 8.424ns (Maximum Frequency: 118.708MHz)
   Minimum input arrival time before clock: 9.727ns
   Maximum output required time after clock: 7.165ns
   Maximum combinational path delay: No path found

Timing Detail:
--------------
All values displayed in nanoseconds (ns)

=========================================================================
Timing constraint: Default period analysis for Clock 'clk'
  Clock period: 8.424ns (frequency: 118.708MHz)
  Total number of paths / destination ports: 2584 / 17
-------------------------------------------------------------------------
Delay:               8.424ns (Levels of Logic = 25)
  Source:            seize_vcount_5 (FF)
  Destination:       seize_vcount_15 (FF)
  Source Clock:      clk rising
  Destination Clock: clk rising

  Data Path: seize_vcount_5 to seize_vcount_15
                                Gate     Net
    Cell:in->out      fanout   Delay   Delay  Logical Name (Net Name)
    ----------------------------------------  ------------
     FDC:C->Q              2   0.720   1.216  seize_vcount_5 (seize_vcount_5)
     LUT4:I0->O            1   0.551   0.000  Mcompar_seize_vcount_cmp_eq0000_lut<0> (Mcompar_seize_vcount_cmp_eq0000_lut<0>)
     MUXCY:S->O            1   0.500   0.000  Mcompar_seize_vcount_cmp_eq0000_cy<0> (Mcompar_seize_vcount_cmp_eq0000_cy<0>)
     MUXCY:CI->O           1   0.064   0.000  Mcompar_seize_vcount_cmp_eq0000_cy<1> (Mcompar_seize_vcount_cmp_eq0000_cy<1>)
     MUXCY:CI->O           1   0.064   0.000  Mcompar_seize_vcount_cmp_eq0000_cy<2> (Mcompar_seize_vcount_cmp_eq0000_cy<2>)
     MUXCY:CI->O           1   0.064   0.000  Mcompar_seize_vcount_cmp_eq0000_cy<3> (Mcompar_seize_vcount_cmp_eq0000_cy<3>)
     MUXCY:CI->O           1   0.064   0.000  Mcompar_seize_vcount_cmp_eq0000_cy<4> (Mcompar_seize_vcount_cmp_eq0000_cy<4>)
     MUXCY:CI->O           1   0.064   0.000  Mcompar_seize_vcount_cmp_eq0000_cy<5> (Mcompar_seize_vcount_cmp_eq0000_cy<5>)
     MUXCY:CI->O          18   0.281   1.417  Mcompar_seize_vcount_cmp_eq0000_cy<6> (Mcompar_seize_vcount_cmp_eq0000_cy<6>)
     INV:I->O              1   0.551   0.801  seize_vcount_cmp_eq0000_inv1_INV_0 (seize_vcount_cmp_eq0000_inv)
     MUXCY:CI->O           1   0.064   0.000  Mcount_seize_vcount_cy<0> (Mcount_seize_vcount_cy<0>)
     MUXCY:CI->O           1   0.064   0.000  Mcount_seize_vcount_cy<1> (Mcount_seize_vcount_cy<1>)
     MUXCY:CI->O           1   0.064   0.000  Mcount_seize_vcount_cy<2> (Mcount_seize_vcount_cy<2>)
     MUXCY:CI->O           1   0.064   0.000  Mcount_seize_vcount_cy<3> (Mcount_seize_vcount_cy<3>)
     MUXCY:CI->O           1   0.064   0.000  Mcount_seize_vcount_cy<4> (Mcount_seize_vcount_cy<4>)
     MUXCY:CI->O           1   0.064   0.000  Mcount_seize_vcount_cy<5> (Mcount_seize_vcount_cy<5>)
     MUXCY:CI->O           1   0.064   0.000  Mcount_seize_vcount_cy<6> (Mcount_seize_vcount_cy<6>)
     MUXCY:CI->O           1   0.064   0.000  Mcount_seize_vcount_cy<7> (Mcount_seize_vcount_cy<7>)
     MUXCY:CI->O           1   0.064   0.000  Mcount_seize_vcount_cy<8> (Mcount_seize_vcount_cy<8>)
     MUXCY:CI->O           1   0.064   0.000  Mcount_seize_vcount_cy<9> (Mcount_seize_vcount_cy<9>)
     MUXCY:CI->O           1   0.064   0.000  Mcount_seize_vcount_cy<10> (Mcount_seize_vcount_cy<10>)
     MUXCY:CI->O           1   0.064   0.000  Mcount_seize_vcount_cy<11> (Mcount_seize_vcount_cy<11>)
     MUXCY:CI->O           1   0.064   0.000  Mcount_seize_vcount_cy<12> (Mcount_seize_vcount_cy<12>)
     MUXCY:CI->O           1   0.064   0.000  Mcount_seize_vcount_cy<13> (Mcount_seize_vcount_cy<13>)
     MUXCY:CI->O           0   0.064   0.000  Mcount_seize_vcount_cy<14> (Mcount_seize_vcount_cy<14>)
     XORCY:CI->O           1   0.904   0.000  Mcount_seize_vcount_xor<15> (Mcount_seize_vcount15)
     FDC:D                     0.203          seize_vcount_15
    ----------------------------------------
    Total                      8.424ns (4.990ns logic, 3.434ns route)
                                       (59.2% logic, 40.8% route)

=========================================================================
Timing constraint: Default OFFSET IN BEFORE for Clock 'clk'
  Total number of paths / destination ports: 612 / 17
-------------------------------------------------------------------------
Offset:              9.727ns (Levels of Logic = 23)
  Source:            baud_rate_sel (PAD)
  Destination:       seize_vcount_15 (FF)
  Destination Clock: clk rising

  Data Path: baud_rate_sel to seize_vcount_15
                                Gate     Net
    Cell:in->out      fanout   Delay   Delay  Logical Name (Net Name)
    ----------------------------------------  ------------
     IBUF:I->O             3   0.821   0.907  baud_rate_sel_IBUF (baud_rate_sel_IBUF)
     INV:I->O              2   0.551   1.216  SEIZE_DIV_VAL<2>1_INV_0 (SEIZE_DIV_VAL<2>)
     LUT4:I0->O            1   0.551   0.000  Mcompar_seize_vcount_cmp_eq0000_lut<4> (Mcompar_seize_vcount_cmp_eq0000_lut<4>)
     MUXCY:S->O            1   0.500   0.000  Mcompar_seize_vcount_cmp_eq0000_cy<4> (Mcompar_seize_vcount_cmp_eq0000_cy<4>)
     MUXCY:CI->O           1   0.064   0.000  Mcompar_seize_vcount_cmp_eq0000_cy<5> (Mcompar_seize_vcount_cmp_eq0000_cy<5>)
     MUXCY:CI->O          18   0.281   1.417  Mcompar_seize_vcount_cmp_eq0000_cy<6> (Mcompar_seize_vcount_cmp_eq0000_cy<6>)
     INV:I->O              1   0.551   0.801  seize_vcount_cmp_eq0000_inv1_INV_0 (seize_vcount_cmp_eq0000_inv)
     MUXCY:CI->O           1   0.064   0.000  Mcount_seize_vcount_cy<0> (Mcount_seize_vcount_cy<0>)
     MUXCY:CI->O           1   0.064   0.000  Mcount_seize_vcount_cy<1> (Mcount_seize_vcount_cy<1>)
     MUXCY:CI->O           1   0.064   0.000  Mcount_seize_vcount_cy<2> (Mcount_seize_vcount_cy<2>)
     MUXCY:CI->O           1   0.064   0.000  Mcount_seize_vcount_cy<3> (Mcount_seize_vcount_cy<3>)
     MUXCY:CI->O           1   0.064   0.000  Mcount_seize_vcount_cy<4> (Mcount_seize_vcount_cy<4>)
     MUXCY:CI->O           1   0.064   0.000  Mcount_seize_vcount_cy<5> (Mcount_seize_vcount_cy<5>)
     MUXCY:CI->O           1   0.064   0.000  Mcount_seize_vcount_cy<6> (Mcount_seize_vcount_cy<6>)
     MUXCY:CI->O           1   0.064   0.000  Mcount_seize_vcount_cy<7> (Mcount_seize_vcount_cy<7>)
     MUXCY:CI->O           1   0.064   0.000  Mcount_seize_vcount_cy<8> (Mcount_seize_vcount_cy<8>)
     MUXCY:CI->O           1   0.064   0.000  Mcount_seize_vcount_cy<9> (Mcount_seize_vcount_cy<9>)
     MUXCY:CI->O           1   0.064   0.000  Mcount_seize_vcount_cy<10> (Mcount_seize_vcount_cy<10>)
     MUXCY:CI->O           1   0.064   0.000  Mcount_seize_vcount_cy<11> (Mcount_seize_vcount_cy<11>)
     MUXCY:CI->O           1   0.064   0.000  Mcount_seize_vcount_cy<12> (Mcount_seize_vcount_cy<12>)
     MUXCY:CI->O           1   0.064   0.000  Mcount_seize_vcount_cy<13> (Mcount_seize_vcount_cy<13>)
     MUXCY:CI->O           0   0.064   0.000  Mcount_seize_vcount_cy<14> (Mcount_seize_vcount_cy<14>)
     XORCY:CI->O           1   0.904   0.000  Mcount_seize_vcount_xor<15> (Mcount_seize_vcount15)
     FDC:D                     0.203          seize_vcount_15
    ----------------------------------------
    Total                      9.727ns (5.386ns logic, 4.341ns route)
                                       (55.4% logic, 44.6% route)

=========================================================================
Timing constraint: Default OFFSET OUT AFTER for Clock 'clk'
  Total number of paths / destination ports: 1 / 1
-------------------------------------------------------------------------
Offset:              7.165ns (Levels of Logic = 1)
  Source:            seize_baud_rate_int (FF)
  Destination:       seize_baud_rate (PAD)
  Source Clock:      clk rising

  Data Path: seize_baud_rate_int to seize_baud_rate
                                Gate     Net
    Cell:in->out      fanout   Delay   Delay  Logical Name (Net Name)
    ----------------------------------------  ------------
     FDC:C->Q              1   0.720   0.801  seize_baud_rate_int (seize_baud_rate_int)
     OBUF:I->O                 5.644          seize_baud_rate_OBUF (seize_baud_rate)
    ----------------------------------------
    Total                      7.165ns (6.364ns logic, 0.801ns route)
                                       (88.8% logic, 11.2% route)

=========================================================================


Total REAL time to Xst completion: 5.00 secs
Total CPU time to Xst completion: 5.32 secs
 
--> 

Total memory usage is 256980 kilobytes

Number of errors   :    0 (   0 filtered)
Number of warnings :    1 (   0 filtered)
Number of infos    :    0 (   0 filtered)

